// Jest Snapshot v1, https://goo.gl/fbAQLP

exports[`Chips component matches snapshot 1`] = `
<DocumentFragment>
  <div
    class="flex"
  >
    <button
      class="chip"
      title="one"
      type="button"
    >
      <svg
        aria-hidden="true"
        class="MuiSvgIcon-root"
        focusable="false"
        viewBox="0 0 24 24"
      >
        <path
          d="M21 10c-1.1 0-2 .9-2 2v3H5v-3c0-1.1-.89-2-2-2s-2 .9-2 2v5c0 1.1.9 2 2 2h18c1.1 0 2-.9 2-2v-5c0-1.1-.9-2-2-2zm-3-5H6c-1.1 0-2 .9-2 2v2.15c1.16.41 2 1.52 2 2.81V14h12v-2.03c0-1.3.84-2.4 2-2.81V7c0-1.1-.9-2-2-2z"
        />
      </svg>
      <span
        class="text"
      >
        one
      </span>
    </button>
    <button
      class="chip"
      title="two"
      type="button"
    >
      <svg
        aria-hidden="true"
        class="MuiSvgIcon-root"
        focusable="false"
        viewBox="0 0 24 24"
      >
        <path
          d="M21 10c-1.1 0-2 .9-2 2v3H5v-3c0-1.1-.89-2-2-2s-2 .9-2 2v5c0 1.1.9 2 2 2h18c1.1 0 2-.9 2-2v-5c0-1.1-.9-2-2-2zm-3-5H6c-1.1 0-2 .9-2 2v2.15c1.16.41 2 1.52 2 2.81V14h12v-2.03c0-1.3.84-2.4 2-2.81V7c0-1.1-.9-2-2-2z"
        />
      </svg>
      <span
        class="text"
      >
        two
      </span>
    </button>
    <button
      class="chip"
      title="three"
      type="button"
    >
      <svg
        aria-hidden="true"
        class="MuiSvgIcon-root"
        focusable="false"
        viewBox="0 0 24 24"
      >
        <path
          d="M21 10c-1.1 0-2 .9-2 2v3H5v-3c0-1.1-.89-2-2-2s-2 .9-2 2v5c0 1.1.9 2 2 2h18c1.1 0 2-.9 2-2v-5c0-1.1-.9-2-2-2zm-3-5H6c-1.1 0-2 .9-2 2v2.15c1.16.41 2 1.52 2 2.81V14h12v-2.03c0-1.3.84-2.4 2-2.81V7c0-1.1-.9-2-2-2z"
        />
      </svg>
      <span
        class="text"
      >
        three
      </span>
    </button>
    <button
      class="chip"
      title="four"
      type="button"
    >
      <svg
        aria-hidden="true"
        class="MuiSvgIcon-root"
        focusable="false"
        viewBox="0 0 24 24"
      >
        <path
          d="M21 10c-1.1 0-2 .9-2 2v3H5v-3c0-1.1-.89-2-2-2s-2 .9-2 2v5c0 1.1.9 2 2 2h18c1.1 0 2-.9 2-2v-5c0-1.1-.9-2-2-2zm-3-5H6c-1.1 0-2 .9-2 2v2.15c1.16.41 2 1.52 2 2.81V14h12v-2.03c0-1.3.84-2.4 2-2.81V7c0-1.1-.9-2-2-2z"
        />
      </svg>
      <span
        class="text"
      >
        four
      </span>
    </button>
    <button
      class="chip"
      title="more"
      type="button"
    >
      <svg
        aria-hidden="true"
        class="MuiSvgIcon-root"
        focusable="false"
        viewBox="0 0 24 24"
      >
        <path
          d="M21 10c-1.1 0-2 .9-2 2v3H5v-3c0-1.1-.89-2-2-2s-2 .9-2 2v5c0 1.1.9 2 2 2h18c1.1 0 2-.9 2-2v-5c0-1.1-.9-2-2-2zm-3-5H6c-1.1 0-2 .9-2 2v2.15c1.16.41 2 1.52 2 2.81V14h12v-2.03c0-1.3.84-2.4 2-2.81V7c0-1.1-.9-2-2-2z"
        />
      </svg>
      <span
        class="text"
      >
        more
      </span>
    </button>
  </div>
</DocumentFragment>
`;
