// Jest Snapshot v1, https://goo.gl/fbAQLP

exports[`Tooltip component matches snapshot 1`] = `
<DocumentFragment>
  <div
    class="wrp"
  >
    <div
      class="tooltip bottom_right tooltip test"
    >
      test
    </div>
    <p>
      test
    </p>
  </div>
</DocumentFragment>
`;
