// Jest Snapshot v1, https://goo.gl/fbAQLP

exports[`CardSizeSwitcher component matches snapshot 1`] = `
<DocumentFragment>
  <div
    class="flex"
  >
    <button
      class="button active"
      title="large cards"
      type="button"
    >
      <svg
        aria-hidden="true"
        class="MuiSvgIcon-root"
        focusable="false"
        viewBox="0 0 24 24"
      >
        <path
          d="M4 15h16v-2H4v2zm0 4h16v-2H4v2zm0-8h16V9H4v2zm0-6v2h16V5H4z"
        />
      </svg>
    </button>
    <span
      class="separator"
    />
    <button
      class="button"
      title="small cards"
      type="button"
    >
      <svg
        aria-hidden="true"
        class="MuiSvgIcon-root"
        focusable="false"
        viewBox="0 0 24 24"
      >
        <path
          d="M4 8h4V4H4v4zm6 12h4v-4h-4v4zm-6 0h4v-4H4v4zm0-6h4v-4H4v4zm6 0h4v-4h-4v4zm6-10v4h4V4h-4zm-6 4h4V4h-4v4zm6 6h4v-4h-4v4zm0 6h4v-4h-4v4z"
        />
      </svg>
    </button>
  </div>
</DocumentFragment>
`;
